[ec2-user@ip-172-31-82-166 novo-volume]$ sudo vi arquivo.txt
[ec2-user@ip-172-31-82-166 novo-volume]$ ls
arquivo.txt  lost+found
[ec2-user@ip-172-31-82-166 novo-volume]$ df -h
Filesystem      Size  Used Avail Use% Mounted on
devtmpfs        4.0M     0  4.0M   0% /dev
tmpfs           475M     0  475M   0% /dev/shm
tmpfs           190M  452K  190M   1% /run
/dev/xvda1      8.0G  1.6G  6.4G  20% /
tmpfs           475M     0  475M   0% /tmp
/dev/xvda128     10M  1.3M  8.7M  13% /boot/efi
tmpfs            95M     0   95M   0% /run/user/1000
/dev/xvdb       4.9G   28K  4.6G   1% /mnt/novo-volume
[ec2-user@ip-172-31-82-166 novo-volume]$ mount
proc on /proc type proc (rw,nosuid,nodev,noexec,relatime)
sysfs on /sys type sysfs (rw,nosuid,nodev,noexec,relatime,seclabel)
devtmpfs on /dev type devtmpfs (rw,nosuid,seclabel,size=4096k,nr_inodes=118570,mode=755)
securityfs on /sys/kernel/security type securityfs (rw,nosuid,nodev,noexec,relatime)
tmpfs on /dev/shm type tmpfs (rw,nosuid,nodev,seclabel)
devpts on /dev/pts type devpts (rw,nosuid,noexec,relatime,seclabel,gid=5,mode=620,ptmxmode=000)
tmpfs on /run type tmpfs (rw,nosuid,nodev,seclabel,size=194452k,nr_inodes=819200,mode=755)
cgroup2 on /sys/fs/cgroup type cgroup2 (rw,nosuid,nodev,noexec,relatime,seclabel,nsdelegate,memory_recursiveprot)
pstore on /sys/fs/pstore type pstore (rw,nosuid,nodev,noexec,relatime,seclabel)
bpf on /sys/fs/bpf type bpf (rw,nosuid,nodev,noexec,relatime,mode=700)
/dev/xvda1 on / type xfs (rw,noatime,seclabel,attr2,inode64,logbufs=8,logbsize=32k,sunit=1024,swidth=1024,noquota)
selinuxfs on /sys/fs/selinux type selinuxfs (rw,nosuid,noexec,relatime)
systemd-1 on /proc/sys/fs/binfmt_misc type autofs (rw,relatime,fd=33,pgrp=1,timeout=0,minproto=5,maxproto=5,direct,pipe_ino=13108)
tracefs on /sys/kernel/tracing type tracefs (rw,nosuid,nodev,noexec,relatime,seclabel)
mqueue on /dev/mqueue type mqueue (rw,nosuid,nodev,noexec,relatime,seclabel)
debugfs on /sys/kernel/debug type debugfs (rw,nosuid,nodev,noexec,relatime,seclabel)
hugetlbfs on /dev/hugepages type hugetlbfs (rw,relatime,seclabel,pagesize=2M)
tmpfs on /tmp type tmpfs (rw,nosuid,nodev,seclabel,size=486132k,nr_inodes=1048576)
ramfs on /run/credentials/systemd-sysctl.service type ramfs (ro,nosuid,nodev,noexec,relatime,seclabel,mode=700)
configfs on /sys/kernel/config type configfs (rw,nosuid,nodev,noexec,relatime)
fusectl on /sys/fs/fuse/connections type fusectl (rw,nosuid,nodev,noexec,relatime)
ramfs on /run/credentials/systemd-tmpfiles-setup-dev.service type ramfs (ro,nosuid,nodev,noexec,relatime,seclabel,mode=700)
systemd-1 on /boot/efi type autofs (rw,relatime,fd=48,pgrp=1,timeout=0,minproto=5,maxproto=5,direct,pipe_ino=14188)
ramfs on /run/credentials/systemd-tmpfiles-setup.service type ramfs (ro,nosuid,nodev,noexec,relatime,seclabel,mode=700)
sunrpc on /var/lib/nfs/rpc_pipefs type rpc_pipefs (rw,relatime)
/dev/xvda128 on /boot/efi type vfat (rw,noatime,fmask=0077,dmask=0077,codepage=437,iocharset=ascii,shortname=winnt,errors=remount-ro,x-systemd.automount)
tmpfs on /run/user/1000 type tmpfs (rw,nosuid,nodev,relatime,seclabel,size=97224k,nr_inodes=24306,mode=700,uid=1000,gid=1000)
/dev/xvdb on /mnt/novo-volume type ext4 (rw,relatime,seclabel)
[ec2-user@ip-172-31-82-166 novo-volume]$ cat arquivo.txt
Desafio proz educa√ßao
[ec2-user@ip-172-31-82-166 novo-volume]$
